
Memory Configuration

Name             Origin             Length             Attributes
*default*        0x0000000000000000 0xffffffffffffffff

Linker script and memory map

                0x000000000201470c                nds_printf = 0x201470c
                0x0000000002014244                showDebugScreen = 0x2014244
                0x0000000002058d80                OS_GetInitArenaLo = 0x2058d80
                0x0000000002004ffc                DL_PTR_ARR_PTR = 0x2004ffc
                0x0000000002075264                LEVEL_PART_TABLE = 0x2075264
                0x0000000002075298                SUBLEVEL_LEVEL_TABLE = 0x2075298
                0x0000000002075804                ACTOR_BANK_OVL_MAP = 0x2075804
                0x00000000020758c8                LEVEL_OVL_MAP = 0x20758c8
                0x0000000002075d14                UTF16_TO_FONT_TABLE = 0x2075d14
                0x0000000002075f14                PARTICLE_ROM_EMBEDDED_FILE = 0x2075f14
                0x000000000207cd74                TEX_ROM_EMBEDDED_FILE = 0x207cd74
                0x0000000002082128                _ZN9Matrix3x38IDENTITYE = 0x2082128
                0x0000000002082128                _ZN9Matrix4x38IDENTITYE = 0x2082128
                0x0000000002086ef0                CAM_SPACE_CAM_POS_ASR_3 = 0x2086ef0
                0x000000000208ecf4                ARCHIVE_INFOS = 0x208ecf4
                0x000000000208ee64                POWERS_OF_TEN = 0x208ee64
                0x000000000208ee74                DIGIT_ENC_ARR = 0x208ee74
                0x000000000208ee80                MSG_GEN_TEXT_FUNCS = 0x208ee80
                0x000000000208eeec                MSG_ID_CHAR_MAP = 0x208eeec
                0x000000000208f074                TALK_FONT_CHAR_WIDTHS = 0x208f074
                0x00000000020922a4                ACTOR_BANK_SETTINGS = 0x20922a4
                0x0000000002099e70                NEXT_UNIQUE_ID = 0x2099e70
                0x000000000209b3ec                VIEW_MATRIX_ASR_3 = 0x209b3ec
                0x000000000209b41c                INV_VIEW_MATRIX_ASR_3 = 0x209b41c
                0x000000000209b45c                ROT_AT_SPAWN = 0x209b45c
                0x000000000209b468                FIRST_ACTOR_LIST_NODE = 0x209b468
                0x000000000209b4a0                _ZN5Sound7FileRef5PTR_0E = 0x209b4a0
                0x000000000209caa0                SAVE_DATA_0 = 0x209caa0
                0x000000000209d6a8                MSG_LINE_HEIGHT = 0x209d6a8
                0x000000000209d6d4                CURR_MSG_ID = 0x209d6d4
                0x000000000209d6f0                CURR_MSG_PTR = 0x209d6f0
                0x000000000209d6f4                CURR_MSG_TEXT_CHAR = 0x209d6f4
                0x000000000209d708                MSG_ARR_PTR = 0x209d708
                0x000000000209d70c                MSG_FILE_PTR = 0x209d70c
                0x000000000209e650                RNG_STATE = 0x209e650
                0x000000000209ee74                PARTICLE_SYS_TRACKER = 0x209ee74
                0x000000000209f0d8                IMMUNE_TO_DAMAGE = 0x209f0d8
                0x000000000209f2c0                TTC_CLOCK_SETTING = 0x209f2c0
                0x000000000209f220                STAR_ID = 0x209f220
                0x000000000209f2e8                MAP_TILE_ARR_SIZE = 0x209f2e8
                0x000000000209f2f4                NUM_LIVES = 0x209f2f4
                0x000000000209f2f8                LEVEL_ID = 0x209f2f8
                0x000000000209f314                AREAS = 0x209f314
                0x000000000209f318                CAMERA = 0x209f318
                0x000000000209f32c                WATER_HEIGHT = 0x209f32c
                0x000000000209f334                MAP_TILE_ARR_PTR = 0x209f334
                0x000000000209f34c                EVENT_FIELD = 0x209f34c
                0x000000000209f354                VIEW_ARR_PTR = 0x209f354
                0x000000000209f358                NUM_COINS = 0x209f358
                0x000000000209f394                PLAYER_ARR = 0x209f394
                0x000000000209f40c                SILVER_STARS = 0x209f40c
                0x000000000209f49c                INPUT_PERSISTENT = 0x209f49c
                0x000000000209f49e                INPUT_1_FRAME = 0x209f49e
                0x000000000209f4f8                ACTOR_DEATH_TABLE_ARR = 0x209f4f8
                0x000000000209f5c0                ROOT_ACTOR_BASE = 0x209f5c0
                0x00000000020a0c80                ACTIVE_MESH_CLSNS = 0x20a0c80
                0x00000000020a0e68                MATRIX_SCRATCH_PAPER = 0x20a0e68
                0x00000000020a0eac                HEAP_PTR = 0x20a0eac
                0x00000000020a1040                FRAME_COUNTER = 0x20a1040
                0x00000000020a4b78                FIRST_BEHAVIOR_LIST_NODE = 0x20a4b78
                0x00000000020a4b98                FIRST_RENDER_LIST_NODE = 0x20a4b98
                0x00000000020a4d30                PARTICLE_RNG_STATE = 0x20a4d30
                0x00000000020a4d6c                _ZN5Sound7PLAYERSE = 0x20a4d6c
                0x00000000020a5bb8                _ZN5Sound8SDAT_RAM3PTRE = 0x20a5bb8
                0x00000000020ab9c8                _ZN7Message9SpriteRef5TIMESE = 0x20ab9c8
                0x00000000020aba70                _ZN7Message9SpriteRef11NUMBER_PTRSE = 0x20aba70
                0x00000000020abad8                _ZN7Message9SpriteRef4COINE = 0x20abad8
                0x00000000020ff480                _ZN6Player9ANIM_PTRSE = 0x20ff480
                0x000000000210d9a0                LUIGI_CAP_MODEL_PTR = 0x210d9a0
                0x000000000210d9a8                NUMBER_MODEL_PTR = 0x210d9a8
                0x000000000210d9b0                POWER_FLOWER_OPEN_MODEL_PTR = 0x210d9b0
                0x000000000210d9b8                COIN_YELLOW_POLY32_MODEL_PTR = 0x210d9b8
                0x000000000210d9c0                WARIO_CAP_MODEL_PTR = 0x210d9c0
                0x000000000210d9c8                COIN_BLUE_POLY32_MODEL_PTR = 0x210d9c8
                0x000000000210d9d0                POWER_FLOWER_CLOSED_MODEL_PTR = 0x210d9d0
                0x000000000210d9d8                ONE_UP_MUSHROOM_MODEL_PTR = 0x210d9d8
                0x000000000210d9e0                BOB_OMB_MODEL_PTR = 0x210d9e0
                0x000000000210d9e8                NUMBER_TEXSEQ_PTR = 0x210d9e8
                0x000000000210d9f0                SNUFIT_BULLET_MODEL_PTR = 0x210d9f0
                0x000000000210d9f8                COIN_RED_POLY32_MODEL_PTR = 0x210d9f8
                0x000000000210da00                COIN_BLUE_POLY4_MODEL_PTR = 0x210da00
                0x000000000210da08                SILVER_NUMBER_TEXSEQ_PTR = 0x210da08
                0x000000000210da10                WATER_RING_MODEL_PTR = 0x210da10
                0x000000000210da18                SHELL_GREEN_MODEL_PTR = 0x210da18
                0x000000000210da20                SHELL_RED_MODEL_PTR = 0x210da20
                0x000000000210da28                SILVER_NUMBER_MODEL_PTR = 0x210da28
                0x000000000210da30                SUPER_MUSHROOM_MODEL_PTR = 0x210da30
                0x000000000210da38                BUBBLE_MODEL_PTR = 0x210da38
                0x000000000210da40                MARIO_CAP_MODEL_PTR = 0x210da40
                0x000000000210da48                COIN_YELLOW_POLY4_MODEL_PTR = 0x210da48
                0x000000000210da50                COIN_RED_POLY4_MODEL_PTR = 0x210da50
                0x000000000210da58                FEATHER_MODEL_PTR = 0x210da58
                0x000000000210dbc0                ENEMY_DEATH_FUNCS = 0x210dbc0
                0x0000000002110844                CHANGE_CAP_TOON_COLORS = 0x2110844
                0x0000000004000440                GXPORT_MATRIX_MODE = 0x4000440
                0x0000000004000458                GXPORT_MTX_LOAD_4x4 = 0x4000458
                0x000000000400045c                GXPORT_MTX_LOAD_4x3 = 0x400045c
                0x00000000040004c8                GXPORT_LIGHT_VECTOR = 0x40004c8
                0x00000000040004cc                GXPORT_LIGHT_COLOR = 0x40004cc
                0x0000000001ffabe4                __aeabi_idiv = 0x1ffabe4
                0x0000000001ffabe4                __aeabi_idivmod = 0x1ffabe4
                0x0000000001ffadf0                __aeabi_uidiv = 0x1ffadf0
                0x0000000001ffadf0                __aeabi_uidivmod = 0x1ffadf0
                0x0000000002005d94                _ZN8CapEnemy12Unk_02005d94Ev = 0x2005d94
                0x0000000002005f0c                _ZN8CapEnemy21DestroyIfCapNotNeededEv = 0x2005f0c
                0x0000000002005fa0                _ZN8CapEnemy11GetCapStateEv = 0x2005fa0
                0x0000000002006054                _ZN8CapEnemy15RespawnIfHasCapEv = 0x2006054
                0x00000000020060f4                _ZN8CapEnemy16GetCapEatenOffItERK7Vector3 = 0x20060f4
                0x00000000020061b0                _ZN8CapEnemy10ReleaseCapERK7Vector3 = 0x20061b0
                0x0000000002006280                _ZN8CapEnemy14RenderCapModelEPK7Vector3 = 0x2006280
                0x00000000020062b8                _ZN8CapEnemy12UpdateCapPosERK7Vector3RK10Vector3_16 = 0x20062b8
                0x00000000020063b0                _ZN8CapEnemy6AddCapEj = 0x20063b0
                0x00000000020064e0                _ZN8CapEnemy14UnloadCapModelEv = 0x20064e0
                0x000000000200651c                _ZN8CapEnemyD2Ev = 0x200651c
                0x0000000002006554                _ZN8CapEnemyC2Ev = 0x2006554
                0x000000000200f70c                _ZN5Actor22IsTooFarAwayFromPlayerE5Fix12IiE = 0x200f70c
                0x000000000200f7a8                _ZN5Actor19MakeVanishLuigiWorkER12CylinderClsn = 0x200f7a8
                0x000000000200f97c                _ZN5Actor13SpawnSoundObjEj = 0x200f97c
                0x000000000200f9b8                _ZN5Actor24KillAndTrackInDeathTableEv = 0x200f9b8
                0x000000000200f9d4                _ZN5Actor19UntrackInDeathTableEv = 0x200f9d4
                0x000000000200f9f4                _ZN5Actor18GetBitInDeathTableEv = 0x200f9f4
                0x000000000200fb4c                _ZN5Actor14BigLandingDustEb = 0x200fb4c
                0x000000000200fc0c                _ZN5Actor11LandingDustEb = 0x200fc0c
                0x000000000200fd04                _ZN5Actor19DisappearPoofDustAtERK7Vector3 = 0x200fd04
                0x000000000200fd40                _ZN5Actor13SmallPoofDustEv = 0x200fd40
                0x000000000200fdfc                _ZN5Actor10PoofDustAtERK7Vector3 = 0x200fdfc
                0x000000000200fe3c                _ZN5Actor8PoofDustEv = 0x200fe3c
                0x000000000200fe70                UnloadBlueCoinModel = 0x200fe70
                0x000000000200fe9c                LoadBlueCoinModel = 0x200fe9c
                0x000000000200ff14                _ZN5Actor19UntrackAndSpawnStarEjjRK7Vector3j = 0x200ff14
                0x000000000200ff60                _ZN5Actor11UntrackStarEv = 0x200ff60
                0x000000000200ff94                _ZN5Actor9TrackStarEjj = 0x200ff94
                0x0000000002010044                _ZN5Actor11SpawnNumberERK7Vector3jbjj = 0x2010044
                0x00000000020100dc                _ZN5Actor25OnAimedAtWithEggReturnVecEv = 0x20100dc
                0x0000000002010124                _ZN5Actor16OnAimedAtWithEggEv = 0x2010124
                0x000000000201012c                _ZN5Actor9Virtual70ERS_ = 0x201012c
                0x0000000002010130                _ZN5Actor15OnHitByMegaCharER6Player = 0x2010130
                0x0000000002010134                _ZN5Actor24OnHitByCannonBlastedCharERS_ = 0x2010134
                0x0000000002010138                _ZN5Actor8OnPushedERS_ = 0x2010138
                0x000000000201013c                _ZN5Actor8OnKickedERS_ = 0x201013c
                0x0000000002010140                _ZN5Actor11OnAttacked2ERS_ = 0x2010140
                0x0000000002010144                _ZN5Actor11OnAttacked1ERS_ = 0x2010144
                0x0000000002010148                _ZN5Actor15OnGroundPoundedERS_ = 0x2010148
                0x000000000201014c                _ZN5Actor9Virtual50Ev = 0x201014c
                0x0000000002010154                _ZN5Actor13OnTurnIntoEggER6Player = 0x2010154
                0x0000000002010160                _ZN5Actor13OnYoshiTryEatEv = 0x2010160
                0x0000000002010168                _ZN5Actor10EarthquakeERK7Vector35Fix12IiE = 0x2010168
                0x0000000002010428                _ZN5Actor12ReflectAngleE5Fix12IiES1_s = 0x2010428
                0x0000000002010518                _ZN5Actor24BumpedUnderneathByPlayerER6Player = 0x2010518
                0x000000000201054c                _ZN5Actor16JumpedOnByPlayerER12CylinderClsnR6Player = 0x201054c
                0x000000000201061c                _ZN5Actor12Unk_0201061cER6Playerjj = 0x201061c
                0x000000000201092c                _ZN5Actor13DistToFPlayerEv = 0x201092c
                0x0000000002010958                _ZN5Actor16FarthestPlayerEv = 0x2010958
                0x000000000201097c                _ZN5Actor23HorzAngleToCPlayerOrAngEv = 0x201097c
                0x00000000020109b8                _ZN5Actor18HorzAngleToCPlayerEv = 0x20109b8
                0x00000000020109e4                _ZN5Actor13DistToCPlayerEv = 0x20109e4
                0x0000000002010ad8                _ZN5Actor13ClosestPlayerEv = 0x2010ad8
                0x0000000002010b9c                _ZN5Actor18DropShadowScaleXYZER12ShadowVolumeRK9Matrix4x35Fix12IiES6_S6_j = 0x2010b9c
                0x0000000002010be8                _ZN5Actor19DropShadowRadHeightER12ShadowVolumeRK9Matrix4x35Fix12IiES6_j = 0x2010be8
                0x0000000002010c30                _ZN5Actor9UpdatePosEP12CylinderClsn = 0x2010c30
                0x0000000002010d40                _ZN5Actor22UpdatePosWithOnlySpeedEP12CylinderClsn = 0x2010d40
                0x0000000002010e2c                _ZN5Actor5SpawnEjjRK7Vector3PK10Vector3_16ii = 0x2010e2c
                0x0000000002010ecc                _ZN5Actor4NextEv = 0x2010ecc
                0x0000000002010ef0                _ZN5Actor15FindWithActorIDEjPS_ = 0x2010ef0
                0x0000000002010f3c                _ZN5Actor10FindWithIDEj = 0x2010f3c
                0x0000000002010f6c                _ZN5Actor11AfterRenderEj = 0x2010f6c
                0x0000000002010f78                _ZN5Actor12BeforeRenderEv = 0x2010f78
                0x0000000002010fc8                _ZN5Actor13AfterBehaviorEj = 0x2010fc8
                0x0000000002010fd4                _ZN5Actor14BeforeBehaviorEv = 0x2010fd4
                0x0000000002011214                _ZN5Actor21AfterCleanupResourcesEj = 0x2011214
                0x0000000002011220                _ZN5Actor22BeforeCleanupResourcesEv = 0x2011220
                0x0000000002011244                _ZN5Actor18AfterInitResourcesEj = 0x2011244
                0x0000000002011268                _ZN5Actor19BeforeInitResourcesEv = 0x2011268
                0x0000000002011314                _ZN5ActorD0Ev = 0x2011314
                0x0000000002011374                _ZN5ActorD2Ev = 0x2011374
                0x000000000201150c                _ZN5ActorC2Ev = 0x201150c
                0x0000000002012154                _ZN5Sound13PlayCharVoiceEjjRK7Vector3 = 0x2012154
                0x0000000002012328                _ZN5Sound8PlayLongEjjjRK7Vector3j = 0x2012328
                0x0000000002012590                _ZN5Sound4PlayEjjRK7Vector3 = 0x2012590
                0x000000000201264c                _ZN5Sound9PlayBank0EjRK7Vector3 = 0x201264c
                0x0000000002012664                _ZN5Sound9PlayBank3EjRK7Vector3 = 0x2012664
                0x0000000002012754                _ZN5Sound12PlayBank2_2DEj = 0x2012754
                0x0000000002012768                _ZN5Sound12PlayBank3_2DEj = 0x2012768
                0x0000000002012998                _ZN5Sound8EndMusicEjj = 0x2012998
                0x0000000002012a68                _ZN5Sound8SetMusicEjj = 0x2012a68
                0x0000000002012af8                _ZN5Sound15StopLoadedMusicEv = 0x2012af8
                0x0000000002012bbc                _ZN5Sound15LoadAndSetMusicEj = 0x2012bbc
                0x0000000002012be0                _ZN5Sound12PlayMsgSoundEjjj5Fix12IiEb = 0x2012be0
                0x0000000002012d2c                _ZN5Sound17ChangeMusicVolumeEj5Fix12IiE = 0x2012d2c
                0x0000000002013558                SublevelToLevel = 0x2013558
                0x000000000201367c                NumStars = 0x201367c
                0x00000000020137e0                IsStarCollected = 0x20137e0
                0x000000000201489c                _ZN19CylinderClsnWithPos21SetPosRelativeToActorERK7Vector3 = 0x201489c
                0x00000000020148c8                _ZN19CylinderClsnWithPos4InitEP5ActorRK7Vector35Fix12IiES6_jj = 0x20148c8
                0x000000000201490c                _ZN12CylinderClsn4InitEP5Actor5Fix12IiES3_jj = 0x201490c
                0x000000000201493c                _ZN12CylinderClsn10GetOwnerIDEv = 0x201493c
                0x0000000002014948                _ZN12CylinderClsn6GetPosEv = 0x2014948
                0x0000000002014978                _ZN12CylinderClsnD0Ev = 0x2014978
                0x00000000020149a4                _ZN12CylinderClsnD1Ev = 0x20149a4
                0x00000000020149c8                _ZN12CylinderClsnC1Ev = 0x20149c8
                0x0000000002014a2c                _ZN19CylinderClsnWithPos6GetPosEv = 0x2014a2c
                0x0000000002014a34                _ZN19CylinderClsnWithPosD0Ev = 0x2014a34
                0x0000000002014a60                _ZN19CylinderClsnWithPosD1Ev = 0x2014a60
                0x0000000002014a84                _ZN19CylinderClsnWithPosC1Ev = 0x2014a84
                0x0000000002014ff0                _ZN12CylinderClsn6UpdateEv = 0x2014ff0
                0x0000000002015024                _ZN12CylinderClsn5ClearEv = 0x2015024
                0x000000000201577c                _ZN15MaterialChanger7PrepareEPcR11MaterialDef = 0x201577c
                0x0000000002015788                _ZN15MaterialChanger6UpdateER15ModelComponents = 0x2015788
                0x00000000020157ac                _ZN15MaterialChanger7SetFileER11MaterialDefi5Fix12IiEj = 0x20157ac
                0x000000000201582c                _ZN15MaterialChangerD1Ev = 0x201582c
                0x0000000002015850                _ZN15MaterialChangerC1Ev = 0x2015850
                0x000000000201587c                _ZN18TextureTransformer7PrepareEPcR9TexSRTDef = 0x201587c
                0x0000000002015888                _ZN18TextureTransformer6UpdateER15ModelComponents = 0x2015888
                0x00000000020158ac                _ZN18TextureTransformer7SetFileER9TexSRTDefi5Fix12IiEj = 0x20158ac
                0x000000000201592c                _ZN18TextureTransformerD1Ev = 0x201592c
                0x0000000002015950                _ZN18TextureTransformerC1Ev = 0x2015950
                0x000000000201597c                _ZN15TextureSequence7PrepareEPcS0_ = 0x201597c
                0x0000000002015988                _ZN15TextureSequence6UpdateER15ModelComponents = 0x2015988
                0x00000000020159ac                _ZN15TextureSequence7SetFileEPci5Fix12IiEj = 0x20159ac
                0x0000000002015a2c                _ZN15TextureSequenceD1Ev = 0x2015a2c
                0x0000000002015a50                _ZN15TextureSequenceC1Ev = 0x2015a50
                0x0000000002015bcc                _ZN9Animation8FinishedEv = 0x2015bcc
                0x0000000002015c3c                _ZN9Animation7AdvanceEv = 0x2015c3c
                0x0000000002015ebc                _ZN12ShadowVolume12InitCylinderEv = 0x2015ebc
                0x0000000002015ed8                _ZN12ShadowVolume10InitCuboidEv = 0x2015ed8
                0x0000000002015ff8                _ZN12ShadowVolumeD1Ev = 0x2015ff8
                0x0000000002016068                _ZN12ShadowVolumeC1Ev = 0x2016068
                0x0000000002016254                _ZN10ModelAnim28CopyAnimERS_PcS1_ = 0x2016254
                0x0000000002016748                _ZN9ModelAnim7SetAnimEPci5Fix12IiEj = 0x2016748
                0x00000000020167f8                _ZN9ModelAnim6RenderEPK7Vector3 = 0x20167f8
                0x000000000201682c                _ZN9ModelAnim9Virtual10ER9Matrix4x3 = 0x201682c
                0x000000000201686c                _ZN9ModelAnim11UpdateVertsEv = 0x201686c
                0x00000000020168d8                _ZN9ModelAnimD0Ev = 0x20168d8
                0x000000000201691c                _ZN9ModelAnimD1Ev = 0x201691c
                0x0000000002016958                _ZN9ModelAnimC1Ev = 0x2016958
                0x0000000002016b78                _ZN5Model6RenderEPK7Vector3 = 0x2016b78
                0x0000000002016bb8                _ZN5Model9Virtual10ER9Matrix4x3 = 0x2016bb8
                0x0000000002016bf8                _ZN5Model9Virtual08Ejjj = 0x2016bf8
                0x0000000002016c98                _ZN5Model11UpdateVertsEv = 0x2016c98
                0x0000000002016ce0                _ZN5ModelD0Ev = 0x2016ce0
                0x0000000002016d20                _ZN5ModelD1Ev = 0x2016d20
                0x0000000002016d58                _ZN5ModelC1Ev = 0x2016d58
                0x0000000002016fd4                _ZN5Model7SetFileEPcii = 0x2016fd4
                0x00000000020178e4                _ZN15TextureSequence8LoadFileER13SharedFilePtr = 0x20178e4
                0x000000000201794c                _ZN13BoneAnimation8LoadFileER13SharedFilePtr = 0x201794c
                0x000000000201799c                _ZN13SharedFilePtr9ConstructEj = 0x201799c
                0x0000000002017a3c                _ZN5Model8LoadFileER13SharedFilePtr = 0x2017a3c
                0x0000000002017afc                _ZN18MovingMeshCollider8LoadFileER13SharedFilePtr = 0x2017afc
                0x0000000002017b64                _ZN13SharedFilePtr7ReleaseEv = 0x2017b64
                0x0000000002017c54                _ZN13SharedFilePtr4LoadEv = 0x2017c54
                0x0000000002017f34                UnloadObjBankOverlay = 0x2017f34
                0x0000000002018028                LoadObjBankOverlay = 0x2018028
                0x000000000201816c                LoadFile = 0x201816c
                0x00000000020188a8                LoadArchive = 0x20188a8
                0x0000000002019740                Crash = 0x2019740
                0x000000000201ab04                _ZN7Message7EndTalkEv = 0x201ab04
                0x000000000201ab38                _ZN7Message11PrepareTalkEv = 0x201ab38
                0x000000000201b5a8                _ZN7Message7AddCharEc = 0x201b5a8
                0x000000000201e574                _ZN7Message7DisplayEj = 0x201e574
                0x00000000020214a4                _ZN7Message10ShowNumberEbRNS_9SpriteRefEiiijj = 0x20214a4
                0x00000000020224fc                _ZN8Particle14SplashCallback8OnUpdateERNS_6SystemEb = 0x20224fc
                0x0000000002022630                _ZN8Particle14SimpleCallback8OnUpdateERNS_6SystemEb = 0x2022630
                0x0000000002022640                _ZN8Particle14SimpleCallback14SpawnParticlesERNS_6SystemE = 0x2022640
                0x0000000002022680                _ZN8Particle14SimpleCallbackC2Ev = 0x2022680
                0x00000000020226c8                _ZN8Particle8Callback8OnUpdateERNS_6SystemEb = 0x20226c8
                0x00000000020226d0                _ZN8Particle8Callback14SpawnParticlesERNS_6SystemE = 0x20226d0
                0x0000000002022998                _ZN8Particle6System9NewRippleE5Fix12IiES2_S2_ = 0x2022998
                0x0000000002022bf8                _ZN8Particle6System10NewWeatherEjj5Fix12IiES2_S2_PK11Vector3_16fj = 0x2022bf8
                0x0000000002022d80                _ZN8Particle6System3NewEjj5Fix12IiES2_S2_PK11Vector3_16fPNS_8CallbackE = 0x2022d80
                0x0000000002022e98                _ZN8Particle6System9NewSimpleEj5Fix12IiES2_S2_ = 0x2022e98
                0x00000000020230ec                _ZN8Particle7Texture12AllocPalVramEjb = 0x20230ec
                0x0000000002023134                _ZN8Particle7Texture12AllocTexVramEjb = 0x2023134
                0x0000000002029e58                DeathTable_GetBit = 0x2029e58
                0x0000000002029ea4                _ZN5Event8ClearBitEj = 0x2029ea4
                0x0000000002029ec4                _ZN5Event6SetBitEj = 0x2029ec4
                0x0000000002029ee0                _ZN5Event6GetBitEj = 0x2029ee0
                0x000000000202a6c8                StarCollectedInCurrLevel = 0x202a6c8
                0x000000000202b0ac                _ZN9LevelFile4View3GetEj = 0x202b0ac
                0x0000000002035448                _ZN4BgCh9SetFlag_8Ev = 0x2035448
                0x000000000203549c                _ZN4BgCh9SetFlag_2Ev = 0x203549c
                0x00000000020354bc                _ZN4BgCh11ClearFlag_1Ev = 0x20354bc
                0x0000000002035564                _ZNK12WithMeshClsn15ShouldUpdatePosEv = 0x2035564
                0x0000000002035578                _ZNK12WithMeshClsn16ShouldUpdatePosYEv = 0x2035578
                0x000000000203562c                _ZNK12WithMeshClsn8IsOnWallEv = 0x203562c
                0x00000000020356a0                _ZN12WithMeshClsn15ClearLimMovFlagEv = 0x20356a0
                0x00000000020356b4                _ZN12WithMeshClsn13SetLimMovFlagEv = 0x20356b4
                0x00000000020356e8                _ZNK12WithMeshClsn10IsOnGroundEv = 0x20356e8
                0x00000000020356f4                _ZN12WithMeshClsn15ClearGroundFlagEv = 0x20356f4
                0x0000000002035708                _ZN12WithMeshClsn13SetGroundFlagEv = 0x2035708
                0x000000000203571c                _ZNK12WithMeshClsn13JustHitGroundEv = 0x203571c
                0x0000000002035728                _ZN12WithMeshClsn22ClearJustHitGroundFlagEv = 0x2035728
                0x0000000002035750                _ZN12WithMeshClsn19ClearAllGroundFlagsEv = 0x2035750
                0x0000000002035840                _ZN12WithMeshClsn9SetFlag_2Ev = 0x2035840
                0x000000000203589c                _ZN12WithMeshClsn12Unk_0203589cEv = 0x203589c
                0x0000000002036318                _ZN12WithMeshClsn22UpdateContinuousNoLavaEv = 0x2036318
                0x00000000020366b4                _ZN12WithMeshClsn16UpdateContinuousEv = 0x20366b4
                0x0000000002036ee4                _ZN12WithMeshClsn22UpdateDiscreteNoLava_2Ev = 0x2036ee4
                0x0000000002037024                _ZN12WithMeshClsn20UpdateDiscreteNoLavaEv = 0x2037024
                0x0000000002037388                _ZN12WithMeshClsn4InitEP5Actor5Fix12IiES3_P10Vector3_16S5_ = 0x2037388
                0x00000000020373f8                _ZN12WithMeshClsnD1Ev = 0x20373f8
                0x0000000002037430                _ZN12WithMeshClsnC1Ev = 0x2037430
                0x000000000203748c                _ZN13RaycastGround12SetObjAndPosERK7Vector3P5Actor = 0x203748c
                0x0000000002037534                _ZN13RaycastGroundD1Ev = 0x2037534
                0x0000000002037570                _ZN13RaycastGroundC1Ev = 0x2037570
                0x00000000020375d0                _ZN11RaycastLine10GetClsnPosEv = 0x20375d0
                0x0000000002037670                _ZN11RaycastLine13SetObjAndLineERK7Vector3S2_P5Actor = 0x2037670
                0x0000000002037764                _ZN11RaycastLineD1Ev = 0x2037764
                0x00000000020377b0                _ZN11RaycastLineC1Ev = 0x20377b0
                0x0000000002037c00                _ZN10SphereClsn15SetObjAndSphereERK7Vector35Fix12IiEP5Actor = 0x2037c00
                0x0000000002037cb0                _ZN10SphereClsnD1Ev = 0x2037cb0
                0x0000000002037d18                _ZN10SphereClsnC1Ev = 0x2037d18
                0x0000000002038144                _ZN10ClsnResultD1Ev = 0x2038144
                0x000000000203816c                _ZN10ClsnResultC1Ev = 0x203816c
                0x000000000203816c                _ZN10ClsnResult5ResetEv = 0x203816c
                0x0000000002038638                _ZN11RaycastLine10DetectClsnEv = 0x2038638
                0x0000000002038b78                _ZN10SphereClsn10DetectClsnEv = 0x2038b78
                0x0000000002038f44                _ZN13RaycastGround10DetectClsnEv = 0x2038f44
                0x0000000002039140                _ZN12MeshCollider7DisableEv = 0x2039140
                0x0000000002039184                _ZN12MeshCollider6EnableEP5Actor = 0x2039184
                0x00000000020393dc                _ZN12MeshCollider9IsEnabledEv = 0x20393dc
                0x000000000203982c                _ZN12MeshColliderD0Ev = 0x203982c
                0x0000000002039864                _ZN12MeshColliderD1Ev = 0x2039864
                0x0000000002039894                _ZN12MeshColliderC1Ev = 0x2039894
                0x0000000002039f20                _ZN18MovingMeshCollider9TransformER9Matrix4x3s = 0x2039f20
                0x000000000203a1e0                _ZN18MovingMeshCollider7SetFileEPcR9Matrix4x35Fix12IiEsR10CLPS_Block = 0x203a1e0
                0x000000000203a444                _ZN18MovingMeshColliderD0Ev = 0x203a444
                0x000000000203a470                _ZN18MovingMeshColliderD1Ev = 0x203a470
                0x000000000203a494                _ZN18MovingMeshColliderC1Ev = 0x203a494
                0x000000000203ac80                _ZN7PathPtr6FromIDEj = 0x203ac80
                0x000000000203acdc                _ZN7PathPtr5GetPtER7Vector3j = 0x203acdc
                0x000000000203ad60                _ZN7PathPtr6NumPtsEv = 0x203ad60
                0x000000000203ad74                _ZN7PathPtrC1Ev = 0x203ad74
                0x000000000203adbc                DecIfAbove0_Short = 0x203adbc
                0x000000000203add4                DecIfAbove0_Byte = 0x203add4
                0x000000000203adec                AdvanceToDest_Short = 0x203adec
                0x000000000203ae58                AdvanceToDest_Int = 0x203ae58
                0x000000000203b0e8                AngleDiff = 0x203b0e8
                0x000000000203b4dc                Atan2 = 0x203b4dc
                0x000000000203b6a4                Vec3_RotateYAndTranslate = 0x203b6a4
                0x000000000203b770                Vec3_VertAngle = 0x203b770
                0x000000000203b7ac                Vec3_HorzAngle = 0x203b7ac
                0x000000000203b990                RandomIntInternal = 0x203b990
                0x000000000203bd28                Matrix4x3_FromRotationZ = 0x203bd28
                0x000000000203bd6c                Matrix4x3_FromRotationY = 0x203bd6c
                0x000000000203bdb0                Matrix4x3_FromRotationX = 0x203bdb0
                0x000000000203bdf4                Matrix4x3_FromRotationZXYExt = 0x203bdf4
                0x000000000203be9c                Matrix4x3_FromRotationXYZExt = 0x203be9c
                0x000000000203bf44                Matrix4x3_FromTranslation = 0x203bf44
                0x000000000203bf90                Matrix4x3_ApplyInPlaceToRotationZ = 0x203bf90
                0x000000000203bfc0                Matrix4x3_ApplyInPlaceToRotationY = 0x203bfc0
                0x000000000203bff0                Matrix4x3_ApplyInPlaceToRotationX = 0x203bff0
                0x000000000203c1b4                _ZdlPv = 0x203c1b4
                0x000000000203c1b4                _ZdaPv = 0x203c1b4
                0x000000000203c1e8                FreeHeapAllocation = 0x203c1e8
                0x000000000203cbe4                _Znwj = 0x203cbe4
                0x000000000203cbe4                _Znaj = 0x203cbe4
                0x000000000203cf40                Vec3_HorzDist = 0x203cf40
                0x000000000203cf78                Vec3_HorzLen = 0x203cf78
                0x000000000203cfdc                Vec3_Dist = 0x203cfdc
                0x000000000203d064                Vec3_Equal = 0x203d064
                0x000000000203d0a0                Vec3_LslInPlace = 0x203d0a0
                0x000000000203d0d0                Vec3_Lsl = 0x203d0d0
                0x000000000203d108                Vec3_AsrInPlace = 0x203d108
                0x000000000203d138                Vec3_Asr = 0x203d138
                0x000000000203d170                Vec3_DivScalarInPlace = 0x203d170
                0x000000000203d224                Vec3_MulScalarInPlace = 0x203d224
                0x000000000203d290                Vec3_MulScalar = 0x203d290
                0x000000000203d2fc                Vec3_Sub = 0x203d2fc
                0x000000000203d340                Vec3_Add = 0x203d340
                0x000000000203d744                SqrtQ24 = 0x203d744
                0x0000000002043444                _ZN9ActorBasenwEj = 0x2043444
                0x0000000002043494                _ZN9ActorBase9Virtual3cEv = 0x2043494
                0x000000000204349c                _ZN9ActorBase9Virtual38Ejj = 0x204349c
                0x000000000204357c                _ZN9ActorBase9Virtual34Ejj = 0x204357c
                0x0000000002043824                _ZN9ActorBase7DestroyEv = 0x2043824
                0x0000000002043ac0                _ZN9ActorBase9Virtual30Ev = 0x2043ac0
                0x0000000002043ac4                _ZN9ActorBase11AfterRenderEj = 0x2043ac4
                0x0000000002043ac8                _ZN9ActorBase12BeforeRenderEv = 0x2043ac8
                0x0000000002043af0                _ZN9ActorBase6RenderEv = 0x2043af0
                0x0000000002043af8                _ZN9ActorBase13AfterBehaviorEj = 0x2043af8
                0x0000000002043afc                _ZN9ActorBase14BeforeBehaviorEv = 0x2043afc
                0x0000000002043b24                _ZN9ActorBase8BehaviorEv = 0x2043b24
                0x0000000002043b2c                _ZN9ActorBase21AfterCleanupResourcesEj = 0x2043b2c
                0x0000000002043bac                _ZN9ActorBase22BeforeCleanupResourcesEv = 0x2043bac
                0x0000000002043bf0                _ZN9ActorBase16CleanupResourcesEv = 0x2043bf0
                0x0000000002043bf8                _ZN9ActorBase18AfterInitResourcesEj = 0x2043bf8
                0x0000000002043c78                _ZN9ActorBase19BeforeInitResourcesEv = 0x2043c78
                0x0000000002043c80                _ZN9ActorBase13InitResourcesEv = 0x2043c80
                0x0000000002043d78                _ZN9ActorBaseD0Ev = 0x2043d78
                0x0000000002043dbc                _ZN9ActorBaseD2Ev = 0x2043dbc
                0x000000000204504c                _ZN15ModelComponents21UpdateVertsUsingBonesEv = 0x204504c
                0x0000000002045394                _ZN15ModelComponents11UpdateBonesEPci = 0x2045394
                0x0000000002049e0c                _ZN8Particle7Manager9AddSystemEiR7Vector3 = 0x2049e0c
                0x000000000204d4d0                _ZN8Particle7Effect54FuncERNS_10EffectDataEPcR7Vector3 = 0x204d4d0
                0x000000000204d57c                _ZN8Particle7Effect44FuncERNS_10EffectDataEPcR7Vector3 = 0x204d57c
                0x000000000204d680                _ZN8Particle7Effect34FuncERNS_10EffectDataEPcR7Vector3 = 0x204d680
                0x000000000204d758                _ZN8Particle7Effect24FuncERNS_10EffectDataEPcR7Vector3 = 0x204d758
                0x000000000204d7ec                _ZN8Particle8Brownian4FuncERNS_10EffectDataEPcR7Vector3 = 0x204d7ec
                0x000000000204d8b0                _ZN8Particle5Drift4FuncERNS_10EffectDataEPcR7Vector3 = 0x204d8b0
                0x0000000002050bb0                _ZN5Sound23InfoInstrumentBankEntry9GetWithIDEj = 0x2050bb0
                0x0000000002050c78                _ZN5Sound17InfoSequenceEntry9GetWithIDEj = 0x2050c78
                0x00000000020524f0                Matrix3x3_LoadIdentity = 0x20524f0
                0x00000000020525a0                Math_MulVec3Mat3x3 = 0x20525a0
                0x0000000002052624                Math_MulMat3x3Mat3x3 = 0x2052624
                0x00000000020527c0                Matrix4x3_LoadIdentity = 0x20527c0
                0x00000000020527e9                Matrix4x3_FromScale = 0x20527e9
                0x0000000002052858                Math_MulVec3Mat4x3 = 0x2052858
                0x0000000002052914                Math_MulMat4x3Mat4x3 = 0x2052914
                0x0000000002052b34                Math_InvMat4x3 = 0x2052b34
                0x0000000002053258                Math_DivQ12 = 0x2053258
                0x00000000020534ec                Math_NormalizeVec3 = 0x20534ec
                0x00000000020536e4                Math_LenVec3 = 0x20536e4
                0x0000000002053770                Math_CrossVec3 = 0x2053770
                0x000000000205380c                Math_DotVec3 = 0x205380c
                0x0000000002053884                Math_AddVec3 = 0x2053884
                0x00000000020568cc                _ZN4Vram11EndPalWriteEv = 0x20568cc
                0x0000000002056924                _ZN4Vram7LoadPalEPtjj = 0x2056924
                0x0000000002056998                _ZN4Vram13StartPalWriteEv = 0x2056998
                0x00000000020569e0                _ZN4Vram11EndTexWriteEv = 0x20569e0
                0x0000000002056a50                _ZN4Vram7LoadTexEPhjj = 0x2056a50
                0x0000000002056b9c                _ZN4Vram13StartTexWriteEv = 0x2056b9c
                0x0000000002058c40                InvalidateDataCache = 0x2058c40
                0x0000000002058c68                InvalidateInstructionCache = 0x2058c68
                0x000000000205a47c                MultiStore_Int = 0x205a47c
                0x000000000205a490                MultiCopy_Int = 0x205a490
                0x0000000002070508                String_Compare = 0x2070508
                0x000000000208f670                Vec3_InterpCubic = 0x208f670
                0x000000000208f840                _ZN14BezierPathIter7AdvanceEv = 0x208f840
                0x000000000208f9d0                _ZN8Particle7Manager7LoadTexEjj = 0x208f9d0
                0x000000000208fb1c                _ZN8Particle7Manager13UnloadNewTexsEv = 0x208fb1c
                0x0000000002090dd0                Vec3_Interp = 0x2090dd0
                0x00000000020ad838                _ZN5Enemy26UpdateKillByInvincibleCharER12WithMeshClsnR9ModelAnimj = 0x20ad838
                0x00000000020ada40                _ZN5Enemy20KillByInvincibleCharERK10Vector3_16R6Player = 0x20ada40
                0x00000000020adb40                _ZN5Enemy22SpawnMegaCharParticlesER5ActorPc = 0x20adb40
                0x00000000020addc0                _ZN5Enemy27SpawnParticlesIfHitOtherObjER12CylinderClsn = 0x20addc0
                0x00000000020ade78                _ZN5Enemy14UpdateYoshiEatER12WithMeshClsn = 0x20ade78
                0x00000000020ae244                _ZN5Enemy24AngleAwayFromWallOrCliffER12WithMeshClsnRs = 0x20ae244
                0x00000000020ae2b8                _ZN5Enemy15IsGoingOffCliffER12WithMeshClsn5Fix12IiEijjS3_ = 0x20ae2b8
                0x00000000020ae6a8                _ZN5Enemy11UpdateDeathER12WithMeshClsn = 0x20ae6a8
                0x00000000020aea30                _ZN5Enemy12KillByAttackER5ActorR12WithMeshClsn = 0x20aea30
                0x00000000020aeabc                _ZN5Enemy9SpawnCoinEv = 0x20aeabc
                0x00000000020aebf8                _ZN5Enemy12UpdateWMClsnER12WithMeshClsnj = 0x20aebf8
                0x00000000020aed3c                _ZN5EnemyD0Ev = 0x20aed3c
                0x00000000020aed74                _ZN5EnemyD2Ev = 0x20aed74
                0x00000000020aed98                _ZN5EnemyC2Ev = 0x20aed98
                0x00000000020aedf4                _ZN8CapEnemyD0Ev = 0x20aedf4
                0x00000000020bdc58                _ZN6Player16IncMegaKillCountEv = 0x20bdc58
                0x00000000020be0f8                _ZN6Player18SetNewHatCharacterEjjb = 0x20be0f8
                0x00000000020be1e0                _ZN6Player16SetRealCharacterEj = 0x20be1e0
                0x00000000020be324                _ZN6Player18TurnOffToonShadingEj = 0x20be324
                0x00000000020bea94                _ZN6Player12Unk_020bea94Ev = 0x20bea94
                0x00000000020becc8                _ZN6Player14GetBodyModelIDEjb = 0x20becc8
                0x00000000020bef2c                _ZN6Player7SetAnimEji5Fix12IiEj = 0x20bef2c
                0x00000000020bf4e4                _ZN6Player4HealEi = 0x20bf4e4
                0x00000000020c4ec0                _ZN6Player11ShowMessageER9ActorBasejRK7Vector3jj = 0x20c4ec0
                0x00000000020c4fa0                _ZN6Player9StartTalkER9ActorBaseb = 0x20c4fa0
                0x00000000020c524c                _ZN6Player12GetTalkStateEv = 0x20c524c
                0x00000000020cc140                _ZN6Player9IsOnShellEv = 0x20cc140
                0x00000000020d57d8                _ZN6Player4BurnEv = 0x20d57d8
                0x00000000020d5a1c                _ZN6Player5ShockEj = 0x20d5a1c
                0x00000000020d6708                _ZN6Player20RegisterEggCoinCountEjbb = 0x20d6708
                0x00000000020d8e70                _ZN6Player4HurtERK7Vector3j5Fix12IiEjjj = 0x20d8e70
                0x00000000020d932c                _ZN6Player6BounceE5Fix12IiE = 0x20d932c
                0x00000000020e1020                _ZN6Player_BounceAndSpin = 0x20e1020
                0x00000000020e30a0                _ZN6Player11ChangeStateERNS_5StateE = 0x20e30a0
                0x00000000020e6a08                Color_Interp = 0x20e6a08
                0x00000000020e717c                UnloadSilverStarAndNumber = 0x20e717c
                0x00000000020e71a8                LoadSilverStarAndNumber = 0x20e71a8
                0x00000000020e71d4                LinkSilverStarAndStarMarker = 0x20e71d4
                0x00000000020ee42c                _ZN8PlatformD2Ev = 0x20ee42c
                0x00000000020ee464                _ZN8PlatformD0Ev = 0x20ee464
                0x00000000020ee4b0                _ZN8Platform14KillByMegaCharER6Player = 0x20ee4b0
                0x00000000020ee55c                _ZN8Platform4KillEv = 0x20ee55c
                0x00000000020ee674                _ZN8Platform20UpdateKillByMegaCharEsss5Fix12IiE = 0x20ee674
                0x00000000020ee7cc                _ZN8Platform19UpdateClsnPosAndRotEv = 0x20ee7cc
                0x00000000020ee830                _ZN8Platform21UpdateModelPosAndRotYEv = 0x20ee830
                0x00000000020ee870                _ZN8Platform13IsClsnInRangeE5Fix12IiES1_ = 0x20ee870
                0x00000000020ee934                _ZN8Platform21IsClsnInRangeOnScreenE5Fix12IiES1_ = 0x20ee934
                0x00000000020eea50                _ZN8PlatformC2Ev = 0x20eea50
                0x0000000002011e28                Player_PlaySoundEffect = 0x2011e28
                0x000000000202a694                AreCannonsActivatedForCurrentLevel = 0x202a694
                0x000000000202a67c                SetCannonsToActivatedForCurrentLevel = 0x202a67c
                0x000000000202acc0                LoadLevel = 0x202acc0
                0x000000000203b008                LeanPlayerForwardWhileRunning = 0x203b008
                0x00000000020beecc                Player_WasLastAction = 0x20beecc
                0x00000000020e308c                Player_DoesStateEqual = 0x20e308c
                0x0000000002010c5c                OBJ_UpdateObjectXYZSpeedBasedOnForwardSpeedAndDirection = 0x2010c5c
                0x000000000201fc10                ObjectMessageIDToActualMessageID = 0x201fc10
                0x0000000002092145                PLAYER_HEALTH = 0x2092145
                0x000000000209fc48                KuppaPointer = 0x209fc48
                0x000000000200ef04                RunKuppaScript = 0x200ef04
                0x000000000200e798                EndKuppaScript = 0x200e798
                0x000000000209f2c4                PAUSE = 0x209f2c4

.text           0x00000000023ec400     0x42a0
 FILL mask 0x1234
                0x00000000023ec400                __text_start = .
 *(.init)
 *(.text)
 .text          0x00000000023ec400      0x394 GalaxyShrinkingPlatform.o
                0x00000000023ec400                GalaxyShrinkingPlatform::OnFloorAfterClsn(MeshCollider&, Actor*, Actor*)
                0x00000000023ec40c                GalaxyShrinkingPlatform::Spawn()
                0x00000000023ec450                GalaxyShrinkingPlatform::CleanupResources()
                0x00000000023ec484                GalaxyShrinkingPlatform::Shrink()
                0x00000000023ec4e8                GalaxyShrinkingPlatform::UnShrink()
                0x00000000023ec514                GalaxyShrinkingPlatform::UpdateModelTransform()
                0x00000000023ec578                GalaxyShrinkingPlatform::Behavior()
                0x00000000023ec648                GalaxyShrinkingPlatform::InitResources()
                0x00000000023ec6f8                GalaxyShrinkingPlatform::Render()
                0x00000000023ec730                GalaxyShrinkingPlatform::~GalaxyShrinkingPlatform()
                0x00000000023ec730                GalaxyShrinkingPlatform::~GalaxyShrinkingPlatform()
                0x00000000023ec758                GalaxyShrinkingPlatform::~GalaxyShrinkingPlatform()
 .text          0x00000000023ec794      0x3bc SilverCoin.o
                0x00000000023ec794                SilverCoin::OnYoshiTryEat()
                0x00000000023ec79c                SilverCoin::Spawn()
                0x00000000023ec7dc                SilverCoin::CleanupResources()
                0x00000000023ec7f4                SilverCoin::Kill()
                0x00000000023ec838                SilverCoin::OnTurnIntoEgg(Player&)
                0x00000000023ec8ac                SilverCoin::UpdateModelTransform()
                0x00000000023ec918                SilverCoin::InitResources()
                0x00000000023ec9e0                SilverCoin::HandleClsn()
                0x00000000023eca88                SilverCoin::Behavior()
                0x00000000023ecac4                SilverCoin::Render()
                0x00000000023ecadc                SilverCoin::~SilverCoin()
                0x00000000023ecadc                SilverCoin::~SilverCoin()
                0x00000000023ecb0c                SilverCoin::~SilverCoin()
 .text          0x00000000023ecb50      0x208 MOM.o
                0x00000000023ecb50                init()
 .text          0x00000000023ecd58      0x17c InvisibleWall.o
                0x00000000023ecd58                InvisibleWall::Render()
                0x00000000023ecd60                InvisibleWall::Spawn()
                0x00000000023ecd88                InvisibleWall::CleanupResources()
                0x00000000023ecda8                InvisibleWall::Behavior()
                0x00000000023ecdc0                InvisibleWall::~InvisibleWall()
                0x00000000023ecdc0                InvisibleWall::~InvisibleWall()
                0x00000000023ecde0                InvisibleWall::~InvisibleWall()
                0x00000000023ece14                InvisibleWall::InitResources()
                0x00000000023ece9c                InvisibleWall::UpdateModelTransform()
 .text          0x00000000023eced4      0x694 Berry.o
                0x00000000023eced4                Berry::OnYoshiTryEat()
                0x00000000023ecedc                Berry::Spawn()
                0x00000000023ecf24                Berry::CleanupResources()
                0x00000000023ecf48                Berry::InitResources()
                0x00000000023ed2a4                Berry::Behavior()
                0x00000000023ed2c8                Berry::UpdateModelTransform()
                0x00000000023ed31c                Berry::Kill()
                0x00000000023ed470                Berry::OnTurnIntoEgg(Player&)
                0x00000000023ed490                Berry::Render()
                0x00000000023ed4d4                Berry::~Berry()
                0x00000000023ed4d4                Berry::~Berry()
                0x00000000023ed514                Berry::~Berry()
 .text          0x00000000023ed568       0x84 BlankObject.o
                0x00000000023ed568                BlankObject::Behavior()
                0x00000000023ed568                BlankObject::CleanupResources()
                0x00000000023ed568                BlankObject::Render()
                0x00000000023ed568                BlankObject::InitResources()
                0x00000000023ed570                BlankObject::Spawn()
                0x00000000023ed598                BlankObject::~BlankObject()
                0x00000000023ed598                BlankObject::~BlankObject()
                0x00000000023ed5b8                BlankObject::~BlankObject()
 .text          0x00000000023ed5ec      0x15c KuppaFuncs.o
                0x00000000023ed5ec                RunKuppaScriptIfNotRanYet(char*)
                0x00000000023ed644                UpdateScriptFiles(char**, unsigned int)
                0x00000000023ed68c                LoadAndRunKuppaScript(int)
                0x00000000023ed6bc                LoadKuppaScriptAndRunIfNotRanYet(int)
 .text          0x00000000023ed748      0xa0c YoshiRide.o
                0x00000000023ed748                YoshiRide::Spawn()
                0x00000000023ed790                YoshiRide::StWait_Init()
                0x00000000023ed7d4                YoshiRide::StRun_Init()
                0x00000000023ed82c                YoshiRide::CleanupResources()
                0x00000000023ed908                YoshiRide::Behavior()
                0x00000000023ed9a8                YoshiRide::StWait_Main()
                0x00000000023eda5c                YoshiRide::StRun_Main()
                0x00000000023edb08                YoshiRide::UpdateModelTransform()
                0x00000000023edbe0                YoshiRide::InitResources()
                0x00000000023edd54                YoshiRide::ChangeState(unsigned char)
                0x00000000023edd84                YoshiRide::StartRide(int)
                0x00000000023ede6c                YoshiRide::StRide_Init()
                0x00000000023ede78                YoshiRide::EndRide(bool)
                0x00000000023edfa8                YoshiRide::StRide_Main()
                0x00000000023ee08c                YoshiRide::Render()
                0x00000000023ee0c0                YoshiRide::~YoshiRide()
                0x00000000023ee0c0                YoshiRide::~YoshiRide()
                0x00000000023ee100                YoshiRide::~YoshiRide()
 .text          0x00000000023ee154       0xe8 ObjectLightingModifier.o
                0x00000000023ee154                ObjectLightingModifier::InitResources()
                0x00000000023ee19c                ObjectLightingModifier::CleanupResources()
                0x00000000023ee1b8                ObjectLightingModifier::Behavior()
                0x00000000023ee1b8                ObjectLightingModifier::Render()
                0x00000000023ee1c0                ObjectLightingModifier::Spawn()
                0x00000000023ee1e8                ObjectLightingModifier::~ObjectLightingModifier()
                0x00000000023ee1e8                ObjectLightingModifier::~ObjectLightingModifier()
                0x00000000023ee208                ObjectLightingModifier::~ObjectLightingModifier()
 .text          0x00000000023ee23c     0x1ebc GoombaColored.o
                0x00000000023ee23c                Goomba::Virtual30()
                0x00000000023ee240                Goomba::OnYoshiTryEat()
                0x00000000023ee264                Goomba::OnAimedAtWithEgg()
                0x00000000023ee288                Goomba::Spawn()
                0x00000000023ee2e4                Goomba::CleanupResources()
                0x00000000023ee35c                Goomba::State4()
                0x00000000023ee3a4                Goomba::State2()
                0x00000000023ee4d8                Goomba::OnTurnIntoEgg(Player&)
                0x00000000023ee55c                Goomba::State1()
                0x00000000023ee600                Goomba::InitResources()
                0x00000000023ee91c                Goomba::UpdateMaxDist()
                0x00000000023ee980                Goomba::Kill()
                0x00000000023eedf4                Goomba::SpawnSilverStarIfNecessary()
                0x00000000023eee04                Goomba::KillAndSpawnCap()
                0x00000000023eef04                Goomba::State3()
                0x00000000023ef0fc                Goomba::KillAndSpawnSilverStar()
                0x00000000023ef12c                Goomba::UpdateIfDying()
                0x00000000023ef1e0                Goomba::RenderRegurgGoombaHelpless(Player*)
                0x00000000023ef2ac                Goomba::KillIfTouchedBadSurface()
                0x00000000023ef350                Goomba::UpdateModel()
                0x00000000023ef434                Goomba::UpdateIfEaten()
                0x00000000023ef654                Goomba::PlayMovingSound()
                0x00000000023ef700                Goomba::Behavior()
                0x00000000023efa5c                Goomba::GetHurtOrHurtPlayer()
                0x00000000023efa6c                Goomba::KillIfIntoxicated()
                0x00000000023efa90                Goomba::Jump()
                0x00000000023efae4                Goomba::UpdateTargetDirAndDist(Fix12<int>)
                0x00000000023efbb8                Goomba::State5()
                0x00000000023efc00                Goomba::State0HelperFunc()
                0x00000000023eff38                Goomba::State0()
                0x00000000023eff50                Goomba::Render()
                0x00000000023f0044                Goomba::~Goomba()
                0x00000000023f0044                Goomba::~Goomba()
                0x00000000023f0094                Goomba::~Goomba()
 *(.ctors)
 *(.dtors)
 *(.rodata)
 .rodata        0x00000000023f00f8       0x94 GalaxyShrinkingPlatform.o
                0x00000000023f00f8                vtable for GalaxyShrinkingPlatform
 .rodata        0x00000000023f018c       0x8c SilverCoin.o
                0x00000000023f018c                vtable for SilverCoin
 .rodata        0x00000000023f0218       0x88 InvisibleWall.o
                0x00000000023f0218                vtable for InvisibleWall
 .rodata        0x00000000023f02a0       0x94 Berry.o
                0x00000000023f02a0                vtable for Berry
 .rodata        0x00000000023f0334       0x84 BlankObject.o
                0x00000000023f0334                vtable for BlankObject
 .rodata        0x00000000023f03b8       0xbc YoshiRide.o
                0x00000000023f03b8                vtable for YoshiRide
 .rodata        0x00000000023f0474       0x84 ObjectLightingModifier.o
                0x00000000023f0474                vtable for ObjectLightingModifier
 .rodata        0x00000000023f04f8      0x11f GoombaColored.o
                0x00000000023f04f8                vtable for Goomba
 *(.fini)
 *(COMMON)
                0x00000000023f0617                __text_end = .
                0x00000000023f0617                __bss_start__ = .
 *(.bss)
 *fill*         0x00000000023f0617        0x1 1234
 .bss           0x00000000023f0618       0x18 GalaxyShrinkingPlatform.o
                0x00000000023f0618                GalaxyShrinkingPlatform::modelFile
                0x00000000023f0620                GalaxyShrinkingPlatform::clsnFile
                0x00000000023f0628                GalaxyShrinkingPlatform::frameModelFile
 .bss           0x00000000023f0630        0x8 SilverCoin.o
                0x00000000023f0630                SilverCoin::modelFile
 .bss           0x00000000023f0638        0x0 MOM.o
 .bss           0x00000000023f0638        0x8 InvisibleWall.o
                0x00000000023f0638                InvisibleWall::clsnFile
 .bss           0x00000000023f0640       0x18 Berry.o
                0x00000000023f0640                Berry::stemFile
                0x00000000023f0648                Berry::modelFile
 .bss           0x00000000023f0658        0x0 BlankObject.o
 .bss           0x00000000023f0658        0x0 KuppaFuncs.o
 .bss           0x00000000023f0658        0x8 YoshiRide.o
                0x00000000023f0658                YoshiRide::ridingAnim
 .bss           0x00000000023f0660        0x0 ObjectLightingModifier.o
 .bss           0x00000000023f0660       0x40 GoombaColored.o
                0x00000000023f0660                Goomba::modelFile
                0x00000000023f0668                Goomba::texSeqFile
                0x00000000023f0670                Goomba::animFiles
                0x00000000023f06a0                __bss_end__ = .
                0x00000000023f06a0                _end = __bss_end__
                0x00000000023f06a0                __end__ = __bss_end__
Address of section .text set to 0x23ec400
LOAD GalaxyShrinkingPlatform.o
LOAD SilverCoin.o
LOAD MOM.o
LOAD InvisibleWall.o
LOAD Berry.o
LOAD BlankObject.o
LOAD KuppaFuncs.o
LOAD YoshiRide.o
LOAD ObjectLightingModifier.o
LOAD GoombaColored.o
LOAD C:/devkitPro/libnds/lib\libnds9.a
LOAD C:/devkitPro/devkitARM/arm-none-eabi/lib\libc.a
OUTPUT(C:/Users/samsp/Documents/MoreObjectsMod/ASM/newcode.elf elf32-littlearm)

.data           0x00000000023f06a0      0x1e8
 .data          0x00000000023f06a0       0x2c GalaxyShrinkingPlatform.o
                0x00000000023f06b0                GalaxyShrinkingPlatform::spawnData
 .data          0x00000000023f06cc       0x1c SilverCoin.o
                0x00000000023f06cc                SilverCoin::spawnData
 .data          0x00000000023f06e8        0x0 MOM.o
 .data          0x00000000023f06e8       0x2c InvisibleWall.o
                0x00000000023f06f8                InvisibleWall::spawnData
 .data          0x00000000023f0714       0x1c Berry.o
                0x00000000023f0714                Berry::spawnData
 .data          0x00000000023f0730       0x1c BlankObject.o
                0x00000000023f0730                BlankObject::spawnData
 .data          0x00000000023f074c        0x0 KuppaFuncs.o
 .data          0x00000000023f074c       0x1c YoshiRide.o
                0x00000000023f074c                YoshiRide::spawnData
 .data          0x00000000023f0768       0x1c ObjectLightingModifier.o
                0x00000000023f0768                ObjectLightingModifier::spawnData
 .data          0x00000000023f0784      0x104 GoombaColored.o
                0x00000000023f07a4                Goomba::spawnDataBig
                0x00000000023f07c0                Goomba::spawnDataSmall
                0x00000000023f07dc                Goomba::spawnDataNormal

.igot.plt       0x00000000023f0888        0x0
 .igot.plt      0x00000000023f0888        0x0 GalaxyShrinkingPlatform.o

.glue_7         0x00000000023f0888        0x0
 .glue_7        0x00000000023f0888        0x0 linker stubs

.glue_7t        0x00000000023f0888        0x0
 .glue_7t       0x00000000023f0888        0x0 linker stubs

.vfp11_veneer   0x00000000023f0888        0x0
 .vfp11_veneer  0x00000000023f0888        0x0 linker stubs

.v4_bx          0x00000000023f0888        0x0
 .v4_bx         0x00000000023f0888        0x0 linker stubs

.iplt           0x00000000023f0888        0x0
 .iplt          0x00000000023f0888        0x0 GalaxyShrinkingPlatform.o

.rel.dyn        0x00000000023f0888        0x0
 .rel.iplt      0x00000000023f0888        0x0 GalaxyShrinkingPlatform.o

.debug_info     0x0000000000000000    0x21697
 .debug_info    0x0000000000000000     0x327a GalaxyShrinkingPlatform.o
 .debug_info    0x000000000000327a     0x424b SilverCoin.o
 .debug_info    0x00000000000074c5     0x17b7 MOM.o
 .debug_info    0x0000000000008c7c     0x2634 InvisibleWall.o
 .debug_info    0x000000000000b2b0     0x4b1b Berry.o
 .debug_info    0x000000000000fdcb     0x1a28 BlankObject.o
 .debug_info    0x00000000000117f3     0x1545 KuppaFuncs.o
 .debug_info    0x0000000000012d38     0x5099 YoshiRide.o
 .debug_info    0x0000000000017dd1     0x1b4c ObjectLightingModifier.o
 .debug_info    0x000000000001991d     0x7d7a GoombaColored.o

.debug_abbrev   0x0000000000000000     0x4b0f
 .debug_abbrev  0x0000000000000000      0x791 GalaxyShrinkingPlatform.o
 .debug_abbrev  0x0000000000000791      0x8ad SilverCoin.o
 .debug_abbrev  0x000000000000103e      0x4cb MOM.o
 .debug_abbrev  0x0000000000001509      0x6f4 InvisibleWall.o
 .debug_abbrev  0x0000000000001bfd      0x8f3 Berry.o
 .debug_abbrev  0x00000000000024f0      0x5e9 BlankObject.o
 .debug_abbrev  0x0000000000002ad9      0x556 KuppaFuncs.o
 .debug_abbrev  0x000000000000302f      0x9fb YoshiRide.o
 .debug_abbrev  0x0000000000003a2a      0x639 ObjectLightingModifier.o
 .debug_abbrev  0x0000000000004063      0xaac GoombaColored.o

.debug_loc      0x0000000000000000     0x5d5b
 .debug_loc     0x0000000000000000      0x78c GalaxyShrinkingPlatform.o
 .debug_loc     0x000000000000078c      0x8e0 SilverCoin.o
 .debug_loc     0x000000000000106c      0x108 MOM.o
 .debug_loc     0x0000000000001174      0x4a4 InvisibleWall.o
 .debug_loc     0x0000000000001618     0x10c3 Berry.o
 .debug_loc     0x00000000000026db       0xc2 BlankObject.o
 .debug_loc     0x000000000000279d      0x207 KuppaFuncs.o
 .debug_loc     0x00000000000029a4      0xdee YoshiRide.o
 .debug_loc     0x0000000000003792      0x23c ObjectLightingModifier.o
 .debug_loc     0x00000000000039ce     0x238d GoombaColored.o

.debug_aranges  0x0000000000000000      0x140
 .debug_aranges
                0x0000000000000000       0x20 GalaxyShrinkingPlatform.o
 .debug_aranges
                0x0000000000000020       0x20 SilverCoin.o
 .debug_aranges
                0x0000000000000040       0x20 MOM.o
 .debug_aranges
                0x0000000000000060       0x20 InvisibleWall.o
 .debug_aranges
                0x0000000000000080       0x20 Berry.o
 .debug_aranges
                0x00000000000000a0       0x20 BlankObject.o
 .debug_aranges
                0x00000000000000c0       0x20 KuppaFuncs.o
 .debug_aranges
                0x00000000000000e0       0x20 YoshiRide.o
 .debug_aranges
                0x0000000000000100       0x20 ObjectLightingModifier.o
 .debug_aranges
                0x0000000000000120       0x20 GoombaColored.o

.debug_ranges   0x0000000000000000     0x1150
 .debug_ranges  0x0000000000000000      0x188 GalaxyShrinkingPlatform.o
 .debug_ranges  0x0000000000000188       0xe8 SilverCoin.o
 .debug_ranges  0x0000000000000270      0x150 MOM.o
 .debug_ranges  0x00000000000003c0       0xe8 InvisibleWall.o
 .debug_ranges  0x00000000000004a8      0x2e8 Berry.o
 .debug_ranges  0x0000000000000790       0x18 BlankObject.o
 .debug_ranges  0x00000000000007a8       0x20 KuppaFuncs.o
 .debug_ranges  0x00000000000007c8      0x1a0 YoshiRide.o
 .debug_ranges  0x0000000000000968       0x50 ObjectLightingModifier.o
 .debug_ranges  0x00000000000009b8      0x798 GoombaColored.o

.debug_line     0x0000000000000000     0x67b6
 .debug_line    0x0000000000000000      0x881 GalaxyShrinkingPlatform.o
 .debug_line    0x0000000000000881      0x83e SilverCoin.o
 .debug_line    0x00000000000010bf      0x643 MOM.o
 .debug_line    0x0000000000001702      0x5fc InvisibleWall.o
 .debug_line    0x0000000000001cfe      0xc75 Berry.o
 .debug_line    0x0000000000002973      0x479 BlankObject.o
 .debug_line    0x0000000000002dec      0x536 KuppaFuncs.o
 .debug_line    0x0000000000003322      0xd50 YoshiRide.o
 .debug_line    0x0000000000004072      0x52e ObjectLightingModifier.o
 .debug_line    0x00000000000045a0     0x2216 GoombaColored.o

.debug_str      0x0000000000000000     0x606f
 .debug_str     0x0000000000000000     0x1e24 GalaxyShrinkingPlatform.o
                                       0x20ea (size before relaxing)
 .debug_str     0x0000000000001e24      0xdc8 SilverCoin.o
                                       0x277f (size before relaxing)
 .debug_str     0x0000000000002bec      0x244 MOM.o
                                        0xe95 (size before relaxing)
 .debug_str     0x0000000000002e30      0x200 InvisibleWall.o
                                       0x19d7 (size before relaxing)
 .debug_str     0x0000000000003030      0x5fc Berry.o
                                       0x2547 (size before relaxing)
 .debug_str     0x000000000000362c      0x1c3 BlankObject.o
                                       0x11b9 (size before relaxing)
 .debug_str     0x00000000000037ef      0x1a1 KuppaFuncs.o
                                        0xd9b (size before relaxing)
 .debug_str     0x0000000000003990      0xe67 YoshiRide.o
                                       0x2ffb (size before relaxing)
 .debug_str     0x00000000000047f7      0x2c2 ObjectLightingModifier.o
                                       0x12c3 (size before relaxing)
 .debug_str     0x0000000000004ab9     0x15b6 GoombaColored.o
                                       0x402b (size before relaxing)

.comment        0x0000000000000000       0x23
 .comment       0x0000000000000000       0x23 GalaxyShrinkingPlatform.o
                                         0x24 (size before relaxing)
 .comment       0x0000000000000023       0x24 SilverCoin.o
 .comment       0x0000000000000023       0x24 MOM.o
 .comment       0x0000000000000023       0x24 InvisibleWall.o
 .comment       0x0000000000000023       0x24 Berry.o
 .comment       0x0000000000000023       0x24 BlankObject.o
 .comment       0x0000000000000023       0x24 KuppaFuncs.o
 .comment       0x0000000000000023       0x24 YoshiRide.o
 .comment       0x0000000000000023       0x24 ObjectLightingModifier.o
 .comment       0x0000000000000023       0x24 GoombaColored.o

.ARM.attributes
                0x0000000000000000       0x27
 .ARM.attributes
                0x0000000000000000       0x27 GalaxyShrinkingPlatform.o
 .ARM.attributes
                0x0000000000000027       0x27 SilverCoin.o
 .ARM.attributes
                0x000000000000004e       0x27 MOM.o
 .ARM.attributes
                0x0000000000000075       0x27 InvisibleWall.o
 .ARM.attributes
                0x000000000000009c       0x27 Berry.o
 .ARM.attributes
                0x00000000000000c3       0x27 BlankObject.o
 .ARM.attributes
                0x00000000000000ea       0x27 KuppaFuncs.o
 .ARM.attributes
                0x0000000000000111       0x27 YoshiRide.o
 .ARM.attributes
                0x0000000000000138       0x27 ObjectLightingModifier.o
 .ARM.attributes
                0x000000000000015f       0x27 GoombaColored.o

.debug_frame    0x0000000000000000      0xf7c
 .debug_frame   0x0000000000000000      0x14c GalaxyShrinkingPlatform.o
 .debug_frame   0x000000000000014c      0x184 SilverCoin.o
 .debug_frame   0x00000000000002d0       0x30 MOM.o
 .debug_frame   0x0000000000000300       0xe8 InvisibleWall.o
 .debug_frame   0x00000000000003e8      0x1a4 Berry.o
 .debug_frame   0x000000000000058c       0x74 BlankObject.o
 .debug_frame   0x0000000000000600       0x84 KuppaFuncs.o
 .debug_frame   0x0000000000000684      0x2b4 YoshiRide.o
 .debug_frame   0x0000000000000938       0x94 ObjectLightingModifier.o
 .debug_frame   0x00000000000009cc      0x5b0 GoombaColored.o
